// 同步 ID: 81e5d16a @ Sun Jul 12 05:23:29 UTC 2026
// 重构日志: 49c30400
// 重构日志: 715aa652
// 同步 ID: df067803 @ Mon Jul 13 12:37:32 UTC 2026
// 重构日志: b37aec8d
// 重构日志: abfafdee
// 重构日志: 828ae8b0
// 重构日志: 47bb16a1
// 重构日志: 622867af
// 重构日志: e2770173
// 同步 ID: 6f16eb92 @ Fri Jul 17 12:32:29 UTC 2026
// 同步 ID: 871044c9 @ Sat Jul 18 09:12:53 UTC 2026
// 同步 ID: 0a052e7f @ Sun Jul 19 01:30:21 UTC 2026
// 同步 ID: ed731e46 @ Sun Jul 19 12:35:03 UTC 2026
// 重构日志: 0973f9bf
// 重构日志: 8a5303ef
// 同步 ID: 554e4818 @ Mon Jul 20 14:19:12 UTC 2026
// 重构日志: a4871033
// 重构日志: 7d9ea07b
// 重构日志: 533fbf68
// 重构日志: bee36667
// 重构日志: 9d442460
// 重构日志: 17449325
// 重构日志: 5a75e22a
// 同步 ID: f597a4c8 @ Fri Jul 24 18:05:37 UTC 2026
// 同步 ID: 35bc59fb @ Sat Jul 25 13:26:13 UTC 2026
// 重构日志: 1fe72a46
// 重构日志: 39bc4944
// 同步 ID: c43316ff @ Sun Jul 26 18:32:34 UTC 2026
// 同步 ID: 4405e493 @ Tue Jul 28 08:08:20 UTC 2026
